// Jest Snapshot v1, https://goo.gl/fbAQLP

exports[`renders a login form 1`] = `
<div>
  <h1>
    Log in
  </h1>
  <div
    className="login-form"
  >
    <form
      onSubmit={[Function]}
    >
      <label
        htmlFor="login-user"
      >
        Username
      </label>
      <input
        id="login-user"
        onChange={[Function]}
        required={true}
        value=""
      />
      <label
        htmlFor="login-pass"
      >
        Password
      </label>
      <input
        id="login-pass"
        onChange={[Function]}
        required={true}
        type="password"
        value=""
      />
      <button
        id="login-submit"
        type="submit"
      >
        Submit
      </button>
    </form>
  </div>
</div>
`;
